// Jest Snapshot v1, https://goo.gl/fbAQLP

exports[`Given an ExchangeModals component when the component is rendered should match the snapshot 1`] = `
<DocumentFragment>
  .c1 {
  display: -webkit-box;
  display: -webkit-flex;
  display: -ms-flexbox;
  display: flex;
  -webkit-align-items: center;
  -webkit-box-align: center;
  -ms-flex-align: center;
  align-items: center;
  -webkit-box-pack: center;
  -webkit-justify-content: center;
  -ms-flex-pack: center;
  justify-content: center;
  height: 50px;
  width: 100%;
  background: linear-gradient(90deg,#5ac790,#1c7e4c);
  border: none;
  border-radius: 6px;
  color: #e1dfeb;
  text-shadow: 0 6px 3px rgba(0,0,0,0.03);
  font-weight: 600;
  cursor: pointer;
}

.c2 {
  background: linear-gradient(90deg,#c75a5a,#7e1c1c);
}

.c0 {
  display: none;
}

@media screen and (max-width:700px) {
  .c0 {
    display: grid;
    grid-template-columns: 1fr 1fr;
    gap: 24px;
  }
}

<div
    class="c0"
  >
    <button
      class="c1"
      data-testid="exchanges-modals-buy-button"
    >
      Buy bNOM
    </button>
    <button
      class="c1 c2"
      data-testid="exchanges-modals-sell-button"
    >
      Sell bNOM
    </button>
  </div>
</DocumentFragment>
`;
