// Jest Snapshot v1, https://goo.gl/fbAQLP

exports[`Given the Landing component when the component is rendered should match the snapshot 1`] = `
<DocumentFragment>
  <div
    class="sc-eCApnc fLcWfp"
  >
    <header
      class="sc-jSFjdj jeLrjV"
    >
      <div
        class="sc-dIsUp jftpxE"
      >
        <div
          class="sc-gKAaRy evzmUv"
        >
          <img
            alt="logo"
            class="sc-iCoGMd fFugP"
            src="onomy.png"
          />
          <span
            class="sc-fujyAs bqOJws"
          >
            ONOMY
          </span>
        </div>
        <div
          class="sc-pNWdM kftQyc"
        >
          <span
            class="sc-kEqXSa jNqdPC"
          >
            Connect Your Wallet
          </span>
          <span
            class="sc-iqAclL dsGHkl"
          >
            To participate bonding curve process and buy NOM tokens you need to connect your Eth wallet
          </span>
        </div>
        <div
          class="sc-jrsJWt BfeSo"
        >
          <button
            class="sc-gtsrHT sc-crzoAE cyZncv fedzh"
          >
            <div
              class="sc-bqGGPW ZhIBg"
            >
              <img
                alt="Metamask Icon"
                class="sc-ksluID XAOwP"
                src="metamask.png"
              />
            </div>
            <span
              class="sc-hBMUJo cRAPGq"
            >
              Metamask
            </span>
            <img
              alt="Right Cursor"
              class="sc-fnVZcZ fWhDXg"
              src="rightCursor.png"
            />
          </button>
          <button
            class="sc-gtsrHT sc-crzoAE cyZncv fedzh"
          >
            <div
              class="sc-bqGGPW ZhIBg"
            >
              <img
                alt="Ledger Icon"
                class="sc-ksluID XAOwP"
                src="ledger.png"
              />
            </div>
            <span
              class="sc-hBMUJo cRAPGq"
            >
              Ledger
            </span>
            <img
              alt="Right Cursor"
              class="sc-fnVZcZ fWhDXg"
              src="rightCursor.png"
            />
          </button>
          <button
            class="sc-gtsrHT sc-crzoAE cyZncv fedzh"
          >
            <div
              class="sc-bqGGPW ZhIBg"
            >
              <img
                alt="Wallet Connect Icon"
                class="sc-ksluID XAOwP"
                src="walletConnect.png"
              />
            </div>
            <span
              class="sc-hBMUJo cRAPGq"
            >
              Wallet Connect
            </span>
            <img
              alt="Right Cursor"
              class="sc-fnVZcZ fWhDXg"
              src="rightCursor.png"
            />
          </button>
          <button
            class="sc-gtsrHT sc-crzoAE cyZncv fedzh"
          >
            <div
              class="sc-bqGGPW ZhIBg"
            >
              <img
                alt="Coinbase Wallet Icon"
                class="sc-ksluID XAOwP"
                src="coinbase.png"
              />
            </div>
            <span
              class="sc-hBMUJo cRAPGq"
            >
              Coinbase Wallet
            </span>
            <img
              alt="Right Cursor"
              class="sc-fnVZcZ fWhDXg"
              src="rightCursor.png"
            />
          </button>
        </div>
      </div>
    </header>
  </div>
</DocumentFragment>
`;
