// Jest Snapshot v1, https://goo.gl/fbAQLP

exports[`Given the CandleChart component when the component is rendered should match the snapshot 1`] = `
<DocumentFragment>
  <div
    data-testid="candle-chart"
    style="margin-top: 1rem; height: 350px;"
  >
    <svg
      class="sc-bdnxRM kNdflx"
      data-testid="candle-chart-svg"
    >
      <g
        class="y-axis"
      />
      <g
        class="x-axis1"
      />
      <g
        class="x-axis"
      />
      <g
        class="candlestickGroup"
      />
    </svg>
  </div>
</DocumentFragment>
`;
