// Jest Snapshot v1, https://goo.gl/fbAQLP

exports[`Given the LineChart component when the component is rendered and bondData is defined should match the snapshot 1`] = `
<DocumentFragment>
  <div
    data-testid="historical-line-chart"
    style="margin-top: 1rem; height: 350px;"
  >
    <svg
      class="sc-gtsrHT eNULaY"
      data-testid="historical-line-chart-svg"
    >
      <defs>
        <clippath
          id="historicalChart"
        >
          <rect
            height="100%"
            width="100%"
            x="0"
            y="0"
          />
        </clippath>
      </defs>
      <rect
        class="hover-rect"
      />
      <g
        class="y-axis"
      />
      <g
        class="x-axis1"
      />
      <g
        class="x-axis"
      />
      <g
        class="content"
        clip-path="url(#historicalChart)"
      >
        <lineargradient
          id="historicalChartGradient"
        />
        <g
          class="baselineGroup"
        />
        <rect
          class="highlightRect"
        />
        <line
          class="highlightXLine"
        />
        <line
          class="highlightYLine"
        />
        <rect
          class="highlightYRect"
        />
        <rect
          class="highlightXRect"
        />
        <text
          class="highlightYText"
        />
        <text
          class="highlightXText"
        />
        <g
          class="highlightLineGroup"
        />
        <circle
          class="mouseDot"
        />
      </g>
    </svg>
  </div>
</DocumentFragment>
`;

exports[`Given the LineChart component when the component is rendered and bondData is undefined should match the snapshot 1`] = `
<DocumentFragment>
  <div
    data-testid="historical-line-chart"
    style="margin-top: 1rem; height: 350px;"
  >
    <svg
      class="sc-gtsrHT eNULaY"
      data-testid="historical-line-chart-svg"
    >
      <defs>
        <clippath
          id="historicalChart"
        >
          <rect
            height="100%"
            width="100%"
            x="0"
            y="0"
          />
        </clippath>
      </defs>
      <rect
        class="hover-rect"
      />
      <g
        class="y-axis"
      />
      <g
        class="x-axis1"
      />
      <g
        class="x-axis"
      />
      <g
        class="content"
        clip-path="url(#historicalChart)"
      >
        <lineargradient
          id="historicalChartGradient"
        />
        <g
          class="baselineGroup"
        />
        <rect
          class="highlightRect"
        />
        <line
          class="highlightXLine"
        />
        <line
          class="highlightYLine"
        />
        <rect
          class="highlightYRect"
        />
        <rect
          class="highlightXRect"
        />
        <text
          class="highlightYText"
        />
        <text
          class="highlightXText"
        />
        <g
          class="highlightLineGroup"
        />
        <circle
          class="mouseDot"
        />
      </g>
    </svg>
  </div>
</DocumentFragment>
`;
