// Jest Snapshot v1, https://goo.gl/fbAQLP

exports[`Given the Container component when the component is rendered should match the snapshot 1`] = `
<DocumentFragment>
  .c0 {
  width: 80vw;
  max-width: 100%;
  margin: 0 auto;
  box-sizing: border-box;
}

<div
    class="c0"
  />
</DocumentFragment>
`;

exports[`Given the FullBackgroundContainer component when the component is rendered should match the snapshot 1`] = `
<DocumentFragment>
  .c0 {
  height: 100vh;
  display: -webkit-box;
  display: -webkit-flex;
  display: -ms-flexbox;
  display: flex;
  -webkit-flex-direction: column;
  -ms-flex-direction: column;
  flex-direction: column;
  -webkit-box-pack: center;
  -webkit-justify-content: center;
  -ms-flex-pack: center;
  justify-content: center;
  -webkit-align-items: center;
  -webkit-box-align: center;
  -ms-flex-align: center;
  align-items: center;
  margin: 0;
  background-image: url();
  background-repeat: no-repeat;
  background-position: top center;
  background-size: cover;
}

<div
    class="c0"
  >
    Children
  </div>
</DocumentFragment>
`;
