// Jest Snapshot v1, https://goo.gl/fbAQLP

exports[`Given the Dimmer component when the component is rendered should match the snapshot 1`] = `
<DocumentFragment>
  .c0 {
  width: 100%;
  height: 100%;
  position: absolute;
  top: 0;
  left: 0;
  background-color: rgba(0,0,0,0.7);
  z-index: 10;
  cursor: pointer;
}

<div
    class="c0"
  />
</DocumentFragment>
`;
