// Jest Snapshot v1, https://goo.gl/fbAQLP

exports[`Given an ExchangeQuote component when the component is rendered should match the snapshot 1`] = `
<DocumentFragment>
  <div
    class="sc-khIgEk kMWoji"
  >
    <strong>
      Sell NOM
    </strong>
    <div
      class="sc-hTRkXV bNKhVO"
    >
      <div
        class="sc-gSYDnn htDKdP"
        style="width: 100%; padding-right: 16px;"
      >
        <strong>
          I'm selling
        </strong>
        <input
          class="sc-eJocfa fsZdx"
          data-testid="exchange-strong-balance-input"
          placeholder="0.00"
          type="text"
          value=""
        />
      </div>
      <div
        class="sc-gSYDnn htDKdP"
      >
        NOM
        <button
          class="sc-iNiQyp iZyljO"
          data-testid="max-value-button"
        >
          Max
        </button>
      </div>
    </div>
    <div
      class="sc-laZMeE iTycLx"
    >
      <strong>
        You will receive
      </strong>
      <span
        class="sc-oeezt fJVdMx"
        data-testid="exchange-weak-balance"
      >
         ETH
      </span>
    </div>
    <button
      class="sc-lbVvki sc-gGLxEB eoDudu jFTELy"
    >
       Input Value 
    </button>
  </div>
</DocumentFragment>
`;
