// Jest Snapshot v1, https://goo.gl/fbAQLP

exports[`Given an Exchange component when the component is rendered should match the snapshot 1`] = `
<DocumentFragment>
  <div
    class="sc-bdnxRM fYAiQM"
  >
    <div
      class="sc-kHWWYL gNGEIQ"
    >
      <button
        class="sc-iqAclL gQfUwo"
        data-testid="exchanges-modals-buy-button"
      >
        Buy wNOM
      </button>
      <button
        class="sc-iqAclL sc-crzoAE gQfUwo dZRTZd"
        data-testid="exchanges-modals-sell-button"
      >
        Sell wNOM
      </button>
    </div>
    <div
      id="tour-buy"
    >
      <div
        class="sc-gtsrHT hfTecP"
      >
        <strong>
          Buy NOM
        </strong>
        <div
          class="sc-dlnjwi hyqJyT"
        >
          <div
            class="sc-eCApnc cPbuco"
            style="width: 100%; padding-right: 16px;"
          >
            <strong>
              I'm buying for
            </strong>
            <input
              class="sc-fujyAs kMRocn"
              data-testid="exchange-strong-balance-input"
              placeholder="0.00"
              type="text"
              value=""
            />
          </div>
          <div
            class="sc-eCApnc cPbuco"
          >
            ETH
            <button
              class="sc-gKAaRy kseRin"
              data-testid="max-value-button"
            >
              Max
            </button>
          </div>
        </div>
        <div
          class="sc-jSFjdj cQwxlU"
        >
          <strong>
            You will receive
          </strong>
          <span
            class="sc-pNWdM iHufyo"
            data-testid="exchange-weak-balance"
          >
             NOM
          </span>
        </div>
        <button
          class="sc-iqAclL gQfUwo"
        >
          Buy NOM
        </button>
      </div>
    </div>
    <div
      id="tour-sell"
    >
      <div
        class="sc-gtsrHT hfTecP"
      >
        <strong>
          Sell NOM
        </strong>
        <div
          class="sc-dlnjwi hyqJyT"
        >
          <div
            class="sc-eCApnc cPbuco"
            style="width: 100%; padding-right: 16px;"
          >
            <strong>
              I'm selling
            </strong>
            <input
              class="sc-fujyAs kMRocn"
              data-testid="exchange-strong-balance-input"
              placeholder="0.00"
              type="text"
              value=""
            />
          </div>
          <div
            class="sc-eCApnc cPbuco"
          >
            NOM
            <button
              class="sc-gKAaRy kseRin"
              data-testid="max-value-button"
            >
              Max
            </button>
          </div>
        </div>
        <div
          class="sc-jSFjdj cQwxlU"
        >
          <strong>
            You will receive
          </strong>
          <span
            class="sc-pNWdM iHufyo"
            data-testid="exchange-weak-balance"
          >
             ETH
          </span>
        </div>
        <button
          class="sc-iqAclL sc-crzoAE gQfUwo dZRTZd"
        >
           Input Value 
        </button>
      </div>
    </div>
  </div>
</DocumentFragment>
`;
